---
source: src/pretty/mod.rs
expression: "to_doc(test.into(), false)"
---
[
    "123",
    Hardline,
    "456",
    Hardline,
    "789",
]
