---
source: tests/src/unit.rs
input_file: tests/fixtures/unit/markup/raw-backtick.typ
---
#(
  ``` ` ```,
)
#(
  ```js` ```
)
#(
  ```js`code` ```
)
#(
  ```md`code`+other`code` ```
)
