---
source: tests/src/unit.rs
input_file: tests/fixtures/unit/document/empty.typ
snapshot_kind: text
---
// DUMMY

// DUMMY
