---
source: tests/assets.rs
expression: doc_string
input_file: tests/assets/typstfmt/84-ws-text-code.typ
---
#let f() = []
a#sym.RR

a#f()
