---
source: tests/src/unit.rs
input_file: tests/fixtures/unit/array.typ
snapshot_kind: text
---
#{
  (
    1,
  )
  (
    1,
    2,
    3,
  )
}
