---
source: tests/assets.rs
expression: doc_string
input_file: tests/assets/unit/math/primes.typ
---
$
  a'
$
$
  a''''''
$
$
  a+b''
$
$
  (
    a'+b
  )'''
$
