---
source: tests/src/unit.rs
input_file: tests/fixtures/unit/math/multi-char-var.typ
snapshot_kind: text
---
#let total_order = 123
#let another-order = 456
$a^#total_order + a^#another-order$
